// Jest Snapshot v1, https://goo.gl/fbAQLP

exports[`renders correctly 1`] = `
<View
  enabled={true}
  keyboardVerticalOffset={0}
  onLayout={[Function]}
  style={
    Array [
      Object {
        "flex": 1,
      },
      Object {
        "paddingBottom": 0,
      },
    ]
  }
>
  <View
    accessibilityComponentType={undefined}
    accessibilityLabel={undefined}
    accessibilityTraits={undefined}
    accessible={true}
    hitSlop={undefined}
    nativeID={undefined}
    onLayout={undefined}
    onResponderGrant={[Function]}
    onResponderMove={[Function]}
    onResponderRelease={[Function]}
    onResponderTerminate={[Function]}
    onResponderTerminationRequest={[Function]}
    onStartShouldSetResponder={[Function]}
    style={
      Array [
        Object {
          "backgroundColor": "#fff",
          "flex": 1,
          "height": 1334,
        },
        Object {
          "backgroundColor": "#fff",
          "flex": 1,
        },
      ]
    }
    testID={undefined}
    virtual={undefined}
  />
</View>
`;
